// Vitest Snapshot v1, https://vitest.dev/guide/snapshot.html

exports[`latest model per provider snapshot > matches snapshot 1`] = `
{
  "anthropic": {
    "modelId": "claude-sonnet-4-6",
    "releaseDate": "2026-02-17",
  },
  "deepseek": {
    "modelId": "deepseek-reasoner",
    "releaseDate": "2025-12-01",
  },
  "google": {
    "modelId": "gemini-3.1-flash-lite-preview",
    "releaseDate": "2026-03-03",
  },
  "moonshotai": {
    "modelId": "kimi-k2.5",
    "releaseDate": "2026-01",
  },
  "openai": {
    "modelId": "gpt-5.4",
    "releaseDate": "2026-03-05",
  },
  "opencode": {
    "modelId": "nemotron-3-super-free",
    "releaseDate": "2026-03-11",
  },
  "openrouter": {
    "modelId": "openrouter/hunter-alpha",
    "releaseDate": "2026-03-11",
  },
  "xai": {
    "modelId": "grok-4.20-experimental-beta-0304-reasoning",
    "releaseDate": "2026-03-04",
  },
}
`;
